// Jest Snapshot v1, https://goo.gl/fbAQLP

exports[`Header Component  it should render properly  1`] = `
<div>
  <h1>
    Post
  </h1>
  <p>
    test
  </p>
</div>
`;
